// Jest Snapshot v1, https://goo.gl/fbAQLP

exports[`Explore renders 1`] = `
<DocumentFragment>
  <div>
    <div
      class="container"
      style="margin-top: 100px;"
    >
      <div
        class="card"
      />
    </div>
  </div>
</DocumentFragment>
`;

exports[`Explore renders 2`] = `
<DocumentFragment>
  <div>
    <div
      class="container"
      style="margin-top: 100px;"
    >
      <div
        class="card"
      >
        <div
          class="nav card-header-pills nav-pills"
        >
          <div
            class="nav-item dropdown"
            style="padding-left: 1em;"
          >
            <a
              aria-expanded="false"
              aria-haspopup="true"
              class="dropdown-toggle nav-link"
              href="#"
              id="nav-dropdown"
              role="button"
            >
              main
            </a>
          </div>
          <div
            class="nav-item"
          >
            <a
              class="nav-link"
              href="#"
              role="button"
            >
              <svg
                aria-hidden="true"
                class="MuiSvgIcon-root"
                focusable="false"
                viewBox="0 0 24 24"
              >
                <path
                  d="M17 16l-4-4V8.82C14.16 8.4 15 7.3 15 6c0-1.66-1.34-3-3-3S9 4.34 9 6c0 1.3.84 2.4 2 2.82V12l-4 4H3v5h5v-3.05l4-4.2 4 4.2V21h5v-5h-4z"
                />
              </svg>
              2
            </a>
          </div>
          <div
            class="nav-item"
          >
            <a
              class="nav-link"
              href="#"
              role="button"
            >
              <svg
                aria-hidden="true"
                class="MuiSvgIcon-root"
                focusable="false"
                viewBox="0 0 24 24"
              >
                <path
                  d="M21.41 11.58l-9-9C12.05 2.22 11.55 2 11 2H4c-1.1 0-2 .9-2 2v7c0 .55.22 1.05.59 1.42l9 9c.36.36.86.58 1.41.58.55 0 1.05-.22 1.41-.59l7-7c.37-.36.59-.86.59-1.41 0-.55-.23-1.06-.59-1.42zM5.5 7C4.67 7 4 6.33 4 5.5S4.67 4 5.5 4 7 4.67 7 5.5 6.33 7 5.5 7z"
                />
              </svg>
              2
            </a>
          </div>
        </div>
        <div
          class="card-header"
        >
          <span
            class="float-left"
          >
            <span
              class="font-weight-bold"
            >
              sally
            </span>
            <span>
              commitMessage a=b; c=d
            </span>
          </span>
          <span
            class="float-right"
          >
            <span
              class="font-italic"
            >
              deadbeef
            </span>
            <span
              class="pl-3"
            >
              1d
            </span>
          </span>
        </div>
        <div
          class="card"
        >
          <div
            class="list-group list-group-flush"
          >
            <div
              class="list-group-item"
            >
              <a
                href="/tree/main/a"
              >
                <svg
                  aria-hidden="true"
                  class="MuiSvgIcon-root"
                  focusable="false"
                  viewBox="0 0 24 24"
                >
                  <path
                    d="M10 4H4c-1.1 0-1.99.9-1.99 2L2 18c0 1.1.9 2 2 2h16c1.1 0 2-.9 2-2V8c0-1.1-.9-2-2-2h-8l-2-2z"
                  />
                </svg>
                a
              </a>
            </div>
          </div>
        </div>
      </div>
    </div>
  </div>
</DocumentFragment>
`;

exports[`Explore renders with slug 1`] = `
<DocumentFragment>
  <div>
    <div
      class="container"
      style="margin-top: 100px;"
    >
      <div
        class="card"
      />
    </div>
  </div>
</DocumentFragment>
`;

exports[`Explore renders with slug 2`] = `
<DocumentFragment>
  <div>
    <div
      class="container"
      style="margin-top: 100px;"
    >
      <div
        class="card"
      >
        <div
          class="nav card-header-pills nav-pills"
        >
          <div
            class="nav-item dropdown"
            style="padding-left: 1em;"
          >
            <a
              aria-expanded="false"
              aria-haspopup="true"
              class="dropdown-toggle nav-link"
              href="#"
              id="nav-dropdown"
              role="button"
            >
              main
            </a>
          </div>
          <div
            class="nav-item"
          >
            <a
              class="nav-link"
              href="#"
              role="button"
            >
              <svg
                aria-hidden="true"
                class="MuiSvgIcon-root"
                focusable="false"
                viewBox="0 0 24 24"
              >
                <path
                  d="M17 16l-4-4V8.82C14.16 8.4 15 7.3 15 6c0-1.66-1.34-3-3-3S9 4.34 9 6c0 1.3.84 2.4 2 2.82V12l-4 4H3v5h5v-3.05l4-4.2 4 4.2V21h5v-5h-4z"
                />
              </svg>
              2
            </a>
          </div>
          <div
            class="nav-item"
          >
            <a
              class="nav-link"
              href="#"
              role="button"
            >
              <svg
                aria-hidden="true"
                class="MuiSvgIcon-root"
                focusable="false"
                viewBox="0 0 24 24"
              >
                <path
                  d="M21.41 11.58l-9-9C12.05 2.22 11.55 2 11 2H4c-1.1 0-2 .9-2 2v7c0 .55.22 1.05.59 1.42l9 9c.36.36.86.58 1.41.58.55 0 1.05-.22 1.41-.59l7-7c.37-.36.59-.86.59-1.41 0-.55-.23-1.06-.59-1.42zM5.5 7C4.67 7 4 6.33 4 5.5S4.67 4 5.5 4 7 4.67 7 5.5 6.33 7 5.5 7z"
                />
              </svg>
              2
            </a>
          </div>
        </div>
        <div
          class="card-header"
        >
          <span
            class="float-left"
          >
            <span
              class="font-weight-bold"
            >
              sally
            </span>
            <span>
              commitMessage a=b; c=d
            </span>
          </span>
          <span
            class="float-right"
          >
            <span
              class="font-italic"
            >
              deadbeef
            </span>
            <span
              class="pl-3"
            >
              1d
            </span>
          </span>
        </div>
        <div
          class="card"
        >
          <div
            class="list-group list-group-flush"
          >
            <div
              class="list-group-item"
            >
              <a
                href="/tree/main/a"
              >
                <svg
                  aria-hidden="true"
                  class="MuiSvgIcon-root"
                  focusable="false"
                  viewBox="0 0 24 24"
                >
                  <path
                    d="M10 4H4c-1.1 0-1.99.9-1.99 2L2 18c0 1.1.9 2 2 2h16c1.1 0 2-.9 2-2V8c0-1.1-.9-2-2-2h-8l-2-2z"
                  />
                </svg>
                a
              </a>
            </div>
          </div>
        </div>
      </div>
    </div>
  </div>
</DocumentFragment>
`;
