// Jest Snapshot v1, https://goo.gl/fbAQLP

exports[`CommitHead renders with current ref 1`] = `
<DocumentFragment>
  <div
    class="tableHead nav nav-pills"
  >
    <div
      class="tableHead__leftContentWrapper"
    >
      <div
        class="nav-item dropdown"
        style="padding-left: 1em;"
      >
        <a
          aria-expanded="false"
          class="dropdown-toggle nav-link"
          href="#"
          id="nav-dropdown"
          role="button"
          tabindex="0"
        >
          main
        </a>
      </div>
      <div
        class="nav-link nav-item"
      >
        <a
          href="/tree/main/"
        >
          nessie
        </a>
        <span
          style="padding-left: 0.5em; padding-right: 0.5em;"
        >
          /
        </span>
        <a
          href="/commits/main/"
        >
          commits
        </a>
      </div>
    </div>
  </div>
</DocumentFragment>
`;

exports[`TableHead renders with different current ref 1`] = `
<DocumentFragment>
  <div
    class="tableHead nav nav-pills"
  >
    <div
      class="tableHead__leftContentWrapper"
    >
      <div
        class="nav-item dropdown"
        style="padding-left: 1em;"
      >
        <a
          aria-expanded="false"
          class="dropdown-toggle nav-link"
          href="#"
          id="nav-dropdown"
          role="button"
          tabindex="0"
        >
          b2
        </a>
      </div>
      <div
        class="nav-item"
      >
        <a
          class="nav-link"
          href="#"
          role="button"
          tabindex="0"
        >
          <svg
            aria-hidden="true"
            class="MuiSvgIcon-root MuiSvgIcon-fontSizeMedium css-i4bv87-MuiSvgIcon-root"
            data-testid="DeviceHubIcon"
            focusable="false"
            viewBox="0 0 24 24"
          >
            <path
              d="m17 16-4-4V8.82C14.16 8.4 15 7.3 15 6c0-1.66-1.34-3-3-3S9 4.34 9 6c0 1.3.84 2.4 2 2.82V12l-4 4H3v5h5v-3.05l4-4.2 4 4.2V21h5v-5h-4z"
            />
          </svg>
          4
        </a>
      </div>
      <div
        class="nav-item"
      >
        <a
          class="nav-link"
          href="#"
          role="button"
          tabindex="0"
        >
          <svg
            aria-hidden="true"
            class="MuiSvgIcon-root MuiSvgIcon-fontSizeMedium css-i4bv87-MuiSvgIcon-root"
            data-testid="LocalOfferIcon"
            focusable="false"
            viewBox="0 0 24 24"
          >
            <path
              d="m21.41 11.58-9-9C12.05 2.22 11.55 2 11 2H4c-1.1 0-2 .9-2 2v7c0 .55.22 1.05.59 1.42l9 9c.36.36.86.58 1.41.58.55 0 1.05-.22 1.41-.59l7-7c.37-.36.59-.86.59-1.41 0-.55-.23-1.06-.59-1.42zM5.5 7C4.67 7 4 6.33 4 5.5S4.67 4 5.5 4 7 4.67 7 5.5 6.33 7 5.5 7z"
            />
          </svg>
          3
        </a>
      </div>
    </div>
    <div
      class="tableHead__rightContentWrapper nav-item"
    >
      <a
        class="nav-link"
        href="/commits/b2/"
      >
        <svg
          aria-hidden="true"
          class="MuiSvgIcon-root MuiSvgIcon-fontSizeMedium css-i4bv87-MuiSvgIcon-root"
          data-testid="HistoryIcon"
          focusable="false"
          viewBox="0 0 24 24"
        >
          <path
            d="M13 3c-4.97 0-9 4.03-9 9H1l3.89 3.89.07.14L9 12H6c0-3.87 3.13-7 7-7s7 3.13 7 7-3.13 7-7 7c-1.93 0-3.68-.79-4.94-2.06l-1.42 1.42C8.27 19.99 10.51 21 13 21c4.97 0 9-4.03 9-9s-4.03-9-9-9zm-1 5v5l4.28 2.54.72-1.21-3.5-2.08V8H12z"
          />
        </svg>
        Commit History
      </a>
    </div>
  </div>
</DocumentFragment>
`;

exports[`TableHead renders with path 1`] = `
<DocumentFragment>
  <div
    class="tableHead nav nav-pills"
  >
    <div
      class="tableHead__leftContentWrapper"
    >
      <div
        class="nav-item dropdown"
        style="padding-left: 1em;"
      >
        <a
          aria-expanded="false"
          class="dropdown-toggle nav-link"
          href="#"
          id="nav-dropdown"
          role="button"
          tabindex="0"
        >
          main
        </a>
      </div>
      <div
        class="nav-link nav-item"
      >
        <a
          href="/tree/main/"
        >
          nessie
        </a>
        <span
          style="padding-left: 0.5em; padding-right: 0.5em;"
        >
          /
        </span>
        <a
          href="/tree/main/a"
        >
          a
        </a>
        <span
          style="padding-left: 0.5em; padding-right: 0.5em;"
        >
          /
        </span>
        <a
          href="/tree/main/a/b"
        >
          b
        </a>
        <span
          style="padding-left: 0.5em; padding-right: 0.5em;"
        >
          /
        </span>
        <a
          href="/tree/main/a/b/c"
        >
          c
        </a>
      </div>
    </div>
  </div>
</DocumentFragment>
`;

exports[`TableHead renders without current ref 1`] = `
<DocumentFragment>
  <div />
</DocumentFragment>
`;

exports[`TableHead renders without path 1`] = `
<DocumentFragment>
  <div
    class="tableHead nav nav-pills"
  >
    <div
      class="tableHead__leftContentWrapper"
    >
      <div
        class="nav-item dropdown"
        style="padding-left: 1em;"
      >
        <a
          aria-expanded="false"
          class="dropdown-toggle nav-link"
          href="#"
          id="nav-dropdown"
          role="button"
          tabindex="0"
        >
          main
        </a>
      </div>
      <div
        class="nav-item"
      >
        <a
          class="nav-link"
          href="#"
          role="button"
          tabindex="0"
        >
          <svg
            aria-hidden="true"
            class="MuiSvgIcon-root MuiSvgIcon-fontSizeMedium css-i4bv87-MuiSvgIcon-root"
            data-testid="DeviceHubIcon"
            focusable="false"
            viewBox="0 0 24 24"
          >
            <path
              d="m17 16-4-4V8.82C14.16 8.4 15 7.3 15 6c0-1.66-1.34-3-3-3S9 4.34 9 6c0 1.3.84 2.4 2 2.82V12l-4 4H3v5h5v-3.05l4-4.2 4 4.2V21h5v-5h-4z"
            />
          </svg>
          4
        </a>
      </div>
      <div
        class="nav-item"
      >
        <a
          class="nav-link"
          href="#"
          role="button"
          tabindex="0"
        >
          <svg
            aria-hidden="true"
            class="MuiSvgIcon-root MuiSvgIcon-fontSizeMedium css-i4bv87-MuiSvgIcon-root"
            data-testid="LocalOfferIcon"
            focusable="false"
            viewBox="0 0 24 24"
          >
            <path
              d="m21.41 11.58-9-9C12.05 2.22 11.55 2 11 2H4c-1.1 0-2 .9-2 2v7c0 .55.22 1.05.59 1.42l9 9c.36.36.86.58 1.41.58.55 0 1.05-.22 1.41-.59l7-7c.37-.36.59-.86.59-1.41 0-.55-.23-1.06-.59-1.42zM5.5 7C4.67 7 4 6.33 4 5.5S4.67 4 5.5 4 7 4.67 7 5.5 6.33 7 5.5 7z"
            />
          </svg>
          3
        </a>
      </div>
    </div>
    <div
      class="tableHead__rightContentWrapper nav-item"
    >
      <a
        class="nav-link"
        href="/commits/main/"
      >
        <svg
          aria-hidden="true"
          class="MuiSvgIcon-root MuiSvgIcon-fontSizeMedium css-i4bv87-MuiSvgIcon-root"
          data-testid="HistoryIcon"
          focusable="false"
          viewBox="0 0 24 24"
        >
          <path
            d="M13 3c-4.97 0-9 4.03-9 9H1l3.89 3.89.07.14L9 12H6c0-3.87 3.13-7 7-7s7 3.13 7 7-3.13 7-7 7c-1.93 0-3.68-.79-4.94-2.06l-1.42 1.42C8.27 19.99 10.51 21 13 21c4.97 0 9-4.03 9-9s-4.03-9-9-9zm-1 5v5l4.28 2.54.72-1.21-3.5-2.08V8H12z"
          />
        </svg>
        Commit History
      </a>
    </div>
  </div>
</DocumentFragment>
`;
